// Jest Snapshot v1, https://goo.gl/fbAQLP

exports[`CONTROLS TESTS should match the snapshot 1`] = `
ShallowWrapper {
  Symbol(enzyme.__root__): [Circular],
  Symbol(enzyme.__unrendered__): <Controls />,
  Symbol(enzyme.__renderer__): Object {
    "batchedUpdates": [Function],
    "getNode": [Function],
    "render": [Function],
    "simulateError": [Function],
    "simulateEvent": [Function],
    "unmount": [Function],
  },
  Symbol(enzyme.__node__): Object {
    "instance": null,
    "key": undefined,
    "nodeType": "host",
    "props": Object {
      "children": Array [
        <button
          className="sort-cards-button buttons"
          onClick={undefined}
>
          Sort Cards
</button>,
        <button
          className="play-deck-button buttons"
          onClick={undefined}
>
          Play a Deck
</button>,
      ],
      "className": "controls-component",
    },
    "ref": null,
    "rendered": Array [
      Object {
        "instance": null,
        "key": undefined,
        "nodeType": "host",
        "props": Object {
          "children": "Sort Cards",
          "className": "sort-cards-button buttons",
          "onClick": undefined,
        },
        "ref": null,
        "rendered": "Sort Cards",
        "type": "button",
      },
      Object {
        "instance": null,
        "key": undefined,
        "nodeType": "host",
        "props": Object {
          "children": "Play a Deck",
          "className": "play-deck-button buttons",
          "onClick": undefined,
        },
        "ref": null,
        "rendered": "Play a Deck",
        "type": "button",
      },
    ],
    "type": "div",
  },
  Symbol(enzyme.__nodes__): Array [
    Object {
      "instance": null,
      "key": undefined,
      "nodeType": "host",
      "props": Object {
        "children": Array [
          <button
            className="sort-cards-button buttons"
            onClick={undefined}
>
            Sort Cards
</button>,
          <button
            className="play-deck-button buttons"
            onClick={undefined}
>
            Play a Deck
</button>,
        ],
        "className": "controls-component",
      },
      "ref": null,
      "rendered": Array [
        Object {
          "instance": null,
          "key": undefined,
          "nodeType": "host",
          "props": Object {
            "children": "Sort Cards",
            "className": "sort-cards-button buttons",
            "onClick": undefined,
          },
          "ref": null,
          "rendered": "Sort Cards",
          "type": "button",
        },
        Object {
          "instance": null,
          "key": undefined,
          "nodeType": "host",
          "props": Object {
            "children": "Play a Deck",
            "className": "play-deck-button buttons",
            "onClick": undefined,
          },
          "ref": null,
          "rendered": "Play a Deck",
          "type": "button",
        },
      ],
      "type": "div",
    },
  ],
  Symbol(enzyme.__options__): Object {
    "adapter": ReactSixteenAdapter {
      "options": Object {
        "enableComponentDidUpdateOnSetState": true,
        "lifecycles": Object {
          "componentDidUpdate": Object {
            "onSetState": true,
          },
          "getDerivedStateFromProps": true,
          "getSnapshotBeforeUpdate": true,
          "setState": Object {
            "skipsComponentDidUpdateOnNullish": true,
          },
        },
      },
    },
    "attachTo": undefined,
    "hydrateIn": undefined,
  },
}
`;
